<?xml version="1.0" encoding="UTF-8"?>
<testng-results ignored="0" total="4" passed="4" failed="0" skipped="0">
  <reporter-output>
  </reporter-output>
  <suite started-at="2023-04-11T22:20:54 IST" name="API Test Suite" finished-at="2023-04-11T22:21:10 IST" duration-ms="16188">
    <groups>
      <group name="API test">
        <method signature="testCase_API_01.TestCase01()[pri:0, instance:qtriptest.APITests.testCase_API_01@673fdbce]" name="TestCase01" class="qtriptest.APITests.testCase_API_01"/>
        <method signature="testCase_API_02.searchCity()[pri:0, instance:qtriptest.APITests.testCase_API_02@eadd4fb]" name="searchCity" class="qtriptest.APITests.testCase_API_02"/>
        <method signature="testCase_API_03.makeReservation()[pri:0, instance:qtriptest.APITests.testCase_API_03@740fb309]" name="makeReservation" class="qtriptest.APITests.testCase_API_03"/>
        <method signature="testCase_API_04.registerUserTest()[pri:0, instance:qtriptest.APITests.testCase_API_04@7bd7d6d6]" name="registerUserTest" class="qtriptest.APITests.testCase_API_04"/>
      </group> <!-- API test -->
    </groups>
    <test started-at="2023-04-11T22:20:54 IST" name="API Tests" finished-at="2023-04-11T22:21:10 IST" duration-ms="16188">
      <class name="qtriptest.APITests.testCase_API_01">
        <test-method signature="TestCase01()[pri:0, instance:qtriptest.APITests.testCase_API_01@673fdbce]" started-at="2023-04-11T22:20:54 IST" name="TestCase01" finished-at="2023-04-11T22:21:01 IST" duration-ms="6991" status="PASS">
          <reporter-output>
          </reporter-output>
        </test-method> <!-- TestCase01 -->
      </class> <!-- qtriptest.APITests.testCase_API_01 -->
      <class name="qtriptest.APITests.testCase_API_02">
        <test-method signature="searchCity()[pri:0, instance:qtriptest.APITests.testCase_API_02@eadd4fb]" started-at="2023-04-11T22:21:01 IST" name="searchCity" finished-at="2023-04-11T22:21:02 IST" duration-ms="1301" status="PASS">
          <reporter-output>
          </reporter-output>
        </test-method> <!-- searchCity -->
      </class> <!-- qtriptest.APITests.testCase_API_02 -->
      <class name="qtriptest.APITests.testCase_API_03">
        <test-method signature="makeReservation()[pri:0, instance:qtriptest.APITests.testCase_API_03@740fb309]" started-at="2023-04-11T22:21:02 IST" name="makeReservation" finished-at="2023-04-11T22:21:07 IST" duration-ms="5220" status="PASS">
          <reporter-output>
          </reporter-output>
        </test-method> <!-- makeReservation -->
      </class> <!-- qtriptest.APITests.testCase_API_03 -->
      <class name="qtriptest.APITests.testCase_API_04">
        <test-method signature="registerUserTest()[pri:0, instance:qtriptest.APITests.testCase_API_04@7bd7d6d6]" started-at="2023-04-11T22:21:07 IST" name="registerUserTest" finished-at="2023-04-11T22:21:10 IST" duration-ms="2587" status="PASS">
          <reporter-output>
          </reporter-output>
        </test-method> <!-- registerUserTest -->
      </class> <!-- qtriptest.APITests.testCase_API_04 -->
    </test> <!-- API Tests -->
  </suite> <!-- API Test Suite -->
</testng-results>
